━━━━━━━━━━━━━━━━━━━━━━━━━━━━━━━━━━━━━━━━
→ REQUEST
━━━━━━━━━━━━━━━━━━━━━━━━━━━━━━━━━━━━━━━━
GET https://api.github.com

Headers:

━━━━━━━━━━━━━━━━━━━━━━━━━━━━━━━━━━━━━━━━
← RESPONSE
━━━━━━━━━━━━━━━━━━━━━━━━━━━━━━━━━━━━━━━━
Status: 200 OK
Time: 1.52025178s

Headers:
  X-Github-Media-Type: github.v3; format=json
  X-Ratelimit-Limit: 60
  X-Ratelimit-Resource: core
  X-Frame-Options: deny
  Content-Security-Policy: default-src 'none'
  Vary: Accept,Accept-Encoding, Accept, X-Requested-With
  Access-Control-Allow-Origin: *
  X-Xss-Protection: 0
  Referrer-Policy: origin-when-cross-origin, strict-origin-when-cross-origin
  Content-Type: application/json; charset=utf-8
  X-Ratelimit-Remaining: 12
  Date: Wed, 21 Jan 2026 21:09:29 GMT
  Cache-Control: public, max-age=60, s-maxage=60
  X-Ratelimit-Reset: 1769032501
  X-Ratelimit-Used: 48
  X-Github-Request-Id: 404A:2DE423:4A417E3:41AF595:6971408E
  Access-Control-Expose-Headers: ETag, Link, Location, Retry-After, X-GitHub-OTP, X-RateLimit-Limit, X-RateLimit-Remaining, X-RateLimit-Used, X-RateLimit-Resource, X-RateLimit-Reset, X-OAuth-Scopes, X-Accepted-OAuth-Scopes, X-Poll-Interval, X-GitHub-Media-Type, X-GitHub-SSO, X-GitHub-Request-Id, Deprecation, Sunset
  X-Content-Type-Options: nosniff
  Strict-Transport-Security: max-age=31536000; includeSubdomains; preload
  Server: github.com
  Accept-Ranges: bytes
  Etag: "cb8c56af7fcef970136a8acacba4e16ea32ab6762dbaaddf6909fae9db2c9f5e"
  X-Github-Api-Version-Selected: 2022-11-28

Body:
{
  "current_user_url": "https://api.github.com/user",
  "current_user_authorizations_html_url": "https://github.com/settings/connections/applications{/client_id}",
  "authorizations_url": "https://api.github.com/authorizations",
  "code_search_url": "https://api.github.com/search/code?q={query}{&page,per_page,sort,order}",
  "commit_search_url": "https://api.github.com/search/commits?q={query}{&page,per_page,sort,order}",
  "emails_url": "https://api.github.com/user/emails",
  "emojis_url": "https://api.github.com/emojis",
  "events_url": "https://api.github.com/events",
  "feeds_url": "https://api.github.com/feeds",
  "followers_url": "https://api.github.com/user/followers",
  "following_url": "https://api.github.com/user/following{/target}",
  "gists_url": "https://api.github.com/gists{/gist_id}",
  "hub_url": "https://api.github.com/hub",
  "issue_search_url": "https://api.github.com/search/issues?q={query}{&page,per_page,sort,order}",
  "issues_url": "https://api.github.com/issues",
  "keys_url": "https://api.github.com/user/keys",
  "label_search_url": "https://api.github.com/search/labels?q={query}&repository_id={repository_id}{&page,per_page}",
  "notifications_url": "https://api.github.com/notifications",
  "organization_url": "https://api.github.com/orgs/{org}",
  "organization_repositories_url": "https://api.github.com/orgs/{org}/repos{?type,page,per_page,sort}",
  "organization_teams_url": "https://api.github.com/orgs/{org}/teams",
  "public_gists_url": "https://api.github.com/gists/public",
  "rate_limit_url": "https://api.github.com/rate_limit",
  "repository_url": "https://api.github.com/repos/{owner}/{repo}",
  "repository_search_url": "https://api.github.com/search/repositories?q={query}{&page,per_page,sort,order}",
  "current_user_repositories_url": "https://api.github.com/user/repos{?type,page,per_page,sort}",
  "starred_url": "https://api.github.com/user/starred{/owner}{/repo}",
  "starred_gists_url": "https://api.github.com/gists/starred",
  "topic_search_url": "https://api.github.com/search/topics?q={query}{&page,per_page}",
  "user_url": "https://api.github.com/users/{user}",
  "user_organizations_url": "https://api.github.com/user/orgs",
  "user_repositories_url": "https://api.github.com/users/{user}/repos{?type,page,per_page,sort}",
  "user_search_url": "https://api.github.com/search/users?q={query}{&page,per_page,sort,order}"
}
